// Jest Snapshot v1, https://goo.gl/fbAQLP

exports[`Presentation component template test suite should match stateful presentation component template snapshot for JS language 1`] = `
"import React from 'react';

export class REACT__COMPONENT__NAME extends React.Component {
   constructor(props) {
       super(props);
   }

   render() {
   }
};"
`;

exports[`Presentation component template test suite should match stateful presentation component template snapshot for TS language 1`] = `
"import React from 'react';

export class REACT__COMPONENT__NAME extends React.Component {
   constructor(props) {
       super(props);
   }

   render() {
   }
};"
`;

exports[`Presentation component template test suite should match stateless presentation component template snapshot for JS language 1`] = `
"import React from 'react';

export const REACT__COMPONENT__NAME = (props) => (
   <div>
       REACT__COMPONENT__NAME Stateless Component
   </div>
);"
`;

exports[`Presentation component template test suite should match stateless presentation component template snapshot for TS language 1`] = `
"import React from 'react';

export const REACT__COMPONENT__NAME = (props) => (
   <div>
       REACT__COMPONENT__NAME Stateless Component
   </div>
);"
`;
